../Core/Src/main.c:87:6:HAL_TIM_PeriodElapsedCallback	16	static
../Core/Src/main.c:92:6:HAL_ADC_ConvCpltCallback	48	static
../Core/Src/main.c:115:5:main	8	static
../Core/Src/main.c:169:6:SystemClock_Config	88	static
../Core/Src/main.c:227:13:MX_ADC1_Init	24	static
../Core/Src/main.c:279:13:MX_ETH_Init	8	static
../Core/Src/main.c:328:13:MX_TIM6_Init	24	static
../Core/Src/main.c:366:13:MX_USART3_UART_Init	8	static
../Core/Src/main.c:401:13:MX_USB_OTG_FS_PCD_Init	8	static
../Core/Src/main.c:436:13:MX_GPIO_Init	56	static
../Core/Src/main.c:494:6:Error_Handler	4	static,ignoring_inline_asm
